
> shortly-express@0.0.1 test /Users/HR10/2015-03-shortly-express
> node shortly.js& ./node_modules/.bin/mocha --bail --reporter nyan test/ServerSpec.js; pkill -n node;

Shortly is listening on 3000
 [32m0[0m
 [31m0[0m
 [36m0[0m

[4A[5C[38;5;154m-[0m
[5C[38;5;154m-[0m
[5C[38;5;154m-[0m
[5C[38;5;154m-[0m
[4A[6C_,------,
[6C_|   /\_/\ 
[6C^|__( - .-) 
[6C  ""  "" 
[4Ausers error
users2 error
Hello______________________________________________ { _readableState: 
   { highWaterMark: 16384,
     buffer: [],
     length: 0,
     pipes: null,
     pipesCount: 0,
     flowing: false,
     ended: false,
     endEmitted: false,
     reading: false,
     calledRead: false,
     sync: true,
     needReadable: false,
     emittedReadable: false,
     readableListening: false,
     objectMode: false,
     defaultEncoding: 'utf8',
     ranOut: false,
     awaitDrain: 0,
     readingMore: false,
     decoder: null,
     encoding: null },
  readable: true,
  domain: null,
  _events: {},
  _maxListeners: 10,
  socket: 
   { _connecting: false,
     _handle: 
      { fd: 14,
        writeQueueSize: 0,
        owner: [Circular],
        onread: [Function: onread],
        reading: true },
     _readableState: 
      { highWaterMark: 16384,
        buffer: [],
        length: 0,
        pipes: null,
        pipesCount: 0,
        flowing: false,
        ended: false,
        endEmitted: false,
        reading: true,
        calledRead: true,
        sync: false,
        needReadable: true,
        emittedReadable: false,
        readableListening: false,
        objectMode: false,
        defaultEncoding: 'utf8',
        ranOut: false,
        awaitDrain: 0,
        readingMore: false,
        decoder: null,
        encoding: null },
     readable: true,
     domain: null,
     _events: 
      { end: [Object],
        finish: [Function: onSocketFinish],
        _socketEnd: [Function: onSocketEnd],
        drain: [Object],
        timeout: [Function],
        error: [Function],
        close: [Object] },
     _maxListeners: 10,
     _writableState: 
      { highWaterMark: 16384,
        objectMode: false,
        needDrain: false,
        ending: false,
        ended: false,
        finished: false,
        decodeStrings: false,
        defaultEncoding: 'utf8',
        length: 0,
        writing: false,
        sync: true,
        bufferProcessing: false,
        onwrite: [Function],
        writecb: null,
        writelen: 0,
        buffer: [] },
     writable: true,
     allowHalfOpen: true,
     onend: [Function],
     destroyed: false,
     errorEmitted: false,
     bytesRead: 70,
     _bytesDispatched: 0,
     _pendingData: null,
     _pendingEncoding: '',
     server: 
      { domain: null,
        _events: [Object],
        _maxListeners: 10,
        _connections: 1,
        connections: [Getter/Setter],
        _handle: [Object],
        _usingSlaves: false,
        _slaves: [],
        allowHalfOpen: true,
        httpAllowHalfOpen: false,
        timeout: 120000,
        _connectionKey: '4:0.0.0.0:3000' },
     _idleTimeout: 120000,
     _idleNext: { _idleNext: [Circular], _idlePrev: [Circular] },
     _idlePrev: { _idleNext: [Circular], _idlePrev: [Circular] },
     _idleStart: 1429584108177,
     parser: 
      { _headers: [],
        _url: '',
        onHeaders: [Function: parserOnHeaders],
        onHeadersComplete: [Function: parserOnHeadersComplete],
        onBody: [Function: parserOnBody],
        onMessageComplete: [Function: parserOnMessageComplete],
        socket: [Circular],
        incoming: [Circular],
        maxHeaderPairs: 2000,
        onIncoming: [Function] },
     ondata: [Function],
     _paused: false,
     _httpMessage: 
      { domain: null,
        _events: [Object],
        _maxListeners: 10,
        output: [],
        outputEncodings: [],
        writable: true,
        _last: false,
        chunkedEncoding: false,
        shouldKeepAlive: true,
        useChunkedEncodingByDefault: true,
        sendDate: true,
        _headerSent: false,
        _header: '',
        _hasBody: true,
        _trailer: '',
        finished: false,
        _hangupClose: false,
        socket: [Circular],
        connection: [Circular],
        _headers: [Object],
        _headerNames: [Object],
        req: [Circular],
        locals: [Object],
        partial: [Function],
        render: [Function],
        writeHead: [Function: writeHead],
        end: [Function: end] } },
  connection: 
   { _connecting: false,
     _handle: 
      { fd: 14,
        writeQueueSize: 0,
        owner: [Circular],
        onread: [Function: onread],
        reading: true },
     _readableState: 
      { highWaterMark: 16384,
        buffer: [],
        length: 0,
        pipes: null,
        pipesCount: 0,
        flowing: false,
        ended: false,
        endEmitted: false,
        reading: true,
        calledRead: true,
        sync: false,
        needReadable: true,
        emittedReadable: false,
        readableListening: false,
        objectMode: false,
        defaultEncoding: 'utf8',
        ranOut: false,
        awaitDrain: 0,
        readingMore: false,
        decoder: null,
        encoding: null },
     readable: true,
     domain: null,
     _events: 
      { end: [Object],
        finish: [Function: onSocketFinish],
        _socketEnd: [Function: onSocketEnd],
        drain: [Object],
        timeout: [Function],
        error: [Function],
        close: [Object] },
     _maxListeners: 10,
     _writableState: 
      { highWaterMark: 16384,
        objectMode: false,
        needDrain: false,
        ending: false,
        ended: false,
        finished: false,
        decodeStrings: false,
        defaultEncoding: 'utf8',
        length: 0,
        writing: false,
        sync: true,
        bufferProcessing: false,
        onwrite: [Function],
        writecb: null,
        writelen: 0,
        buffer: [] },
     writable: true,
     allowHalfOpen: true,
     onend: [Function],
     destroyed: false,
     errorEmitted: false,
     bytesRead: 70,
     _bytesDispatched: 0,
     _pendingData: null,
     _pendingEncoding: '',
     server: 
      { domain: null,
        _events: [Object],
        _maxListeners: 10,
        _connections: 1,
        connections: [Getter/Setter],
        _handle: [Object],
        _usingSlaves: false,
        _slaves: [],
        allowHalfOpen: true,
        httpAllowHalfOpen: false,
        timeout: 120000,
        _connectionKey: '4:0.0.0.0:3000' },
     _idleTimeout: 120000,
     _idleNext: { _idleNext: [Circular], _idlePrev: [Circular] },
     _idlePrev: { _idleNext: [Circular], _idlePrev: [Circular] },
     _idleStart: 1429584108177,
     parser: 
      { _headers: [],
        _url: '',
        onHeaders: [Function: parserOnHeaders],
        onHeadersComplete: [Function: parserOnHeadersComplete],
        onBody: [Function: parserOnBody],
        onMessageComplete: [Function: parserOnMessageComplete],
        socket: [Circular],
        incoming: [Circular],
        maxHeaderPairs: 2000,
        onIncoming: [Function] },
     ondata: [Function],
     _paused: false,
     _httpMessage: 
      { domain: null,
        _events: [Object],
        _maxListeners: 10,
        output: [],
        outputEncodings: [],
        writable: true,
        _last: false,
        chunkedEncoding: false,
        shouldKeepAlive: true,
        useChunkedEncodingByDefault: true,
        sendDate: true,
        _headerSent: false,
        _header: '',
        _hasBody: true,
        _trailer: '',
        finished: false,
        _hangupClose: false,
        socket: [Circular],
        connection: [Circular],
        _headers: [Object],
        _headerNames: [Object],
        req: [Circular],
        locals: [Object],
        partial: [Function],
        render: [Function],
        writeHead: [Function: writeHead],
        end: [Function: end] } },
  httpVersion: '1.1',
  complete: false,
  headers: { host: '127.0.0.1:3000', connection: 'keep-alive' },
  trailers: {},
  _pendings: [],
  _pendingIndex: 0,
  url: '/logout',
  method: 'GET',
  statusCode: null,
  client: 
   { _connecting: false,
     _handle: 
      { fd: 14,
        writeQueueSize: 0,
        owner: [Circular],
        onread: [Function: onread],
        reading: true },
     _readableState: 
      { highWaterMark: 16384,
        buffer: [],
        length: 0,
        pipes: null,
        pipesCount: 0,
        flowing: false,
        ended: false,
        endEmitted: false,
        reading: true,
        calledRead: true,
        sync: false,
        needReadable: true,
        emittedReadable: false,
        readableListening: false,
        objectMode: false,
        defaultEncoding: 'utf8',
        ranOut: false,
        awaitDrain: 0,
        readingMore: false,
        decoder: null,
        encoding: null },
     readable: true,
     domain: null,
     _events: 
      { end: [Object],
        finish: [Function: onSocketFinish],
        _socketEnd: [Function: onSocketEnd],
        drain: [Object],
        timeout: [Function],
        error: [Function],
        close: [Object] },
     _maxListeners: 10,
     _writableState: 
      { highWaterMark: 16384,
        objectMode: false,
        needDrain: false,
        ending: false,
        ended: false,
        finished: false,
        decodeStrings: false,
        defaultEncoding: 'utf8',
        length: 0,
        writing: false,
        sync: true,
        bufferProcessing: false,
        onwrite: [Function],
        writecb: null,
        writelen: 0,
        buffer: [] },
     writable: true,
     allowHalfOpen: true,
     onend: [Function],
     destroyed: false,
     errorEmitted: false,
     bytesRead: 70,
     _bytesDispatched: 0,
     _pendingData: null,
     _pendingEncoding: '',
     server: 
      { domain: null,
        _events: [Object],
        _maxListeners: 10,
        _connections: 1,
        connections: [Getter/Setter],
        _handle: [Object],
        _usingSlaves: false,
        _slaves: [],
        allowHalfOpen: true,
        httpAllowHalfOpen: false,
        timeout: 120000,
        _connectionKey: '4:0.0.0.0:3000' },
     _idleTimeout: 120000,
     _idleNext: { _idleNext: [Circular], _idlePrev: [Circular] },
     _idlePrev: { _idleNext: [Circular], _idlePrev: [Circular] },
     _idleStart: 1429584108177,
     parser: 
      { _headers: [],
        _url: '',
        onHeaders: [Function: parserOnHeaders],
        onHeadersComplete: [Function: parserOnHeadersComplete],
        onBody: [Function: parserOnBody],
        onMessageComplete: [Function: parserOnMessageComplete],
        socket: [Circular],
        incoming: [Circular],
        maxHeaderPairs: 2000,
        onIncoming: [Function] },
     ondata: [Function],
     _paused: false,
     _httpMessage: 
      { domain: null,
        _events: [Object],
        _maxListeners: 10,
        output: [],
        outputEncodings: [],
        writable: true,
        _last: false,
        chunkedEncoding: false,
        shouldKeepAlive: true,
        useChunkedEncodingByDefault: true,
        sendDate: true,
        _headerSent: false,
        _header: '',
        _hasBody: true,
        _trailer: '',
        finished: false,
        _hangupClose: false,
        socket: [Circular],
        connection: [Circular],
        _headers: [Object],
        _headerNames: [Object],
        req: [Circular],
        locals: [Object],
        partial: [Function],
        render: [Function],
        writeHead: [Function: writeHead],
        end: [Function: end] } },
  _consuming: false,
  _dumped: false,
  httpVersionMajor: 1,
  httpVersionMinor: 1,
  upgrade: false,
  originalUrl: '/logout',
  _parsedUrl: 
   { protocol: null,
     slashes: null,
     auth: null,
     host: null,
     port: null,
     hostname: null,
     hash: null,
     search: null,
     query: null,
     pathname: '/logout',
     path: '/logout',
     href: '/logout' },
  params: {},
  query: {},
  res: 
   { domain: null,
     _events: { finish: [Function] },
     _maxListeners: 10,
     output: [],
     outputEncodings: [],
     writable: true,
     _last: false,
     chunkedEncoding: false,
     shouldKeepAlive: true,
     useChunkedEncodingByDefault: true,
     sendDate: true,
     _headerSent: false,
     _header: '',
     _hasBody: true,
     _trailer: '',
     finished: false,
     _hangupClose: false,
     socket: 
      { _connecting: false,
        _handle: [Object],
        _readableState: [Object],
        readable: true,
        domain: null,
        _events: [Object],
        _maxListeners: 10,
        _writableState: [Object],
        writable: true,
        allowHalfOpen: true,
        onend: [Function],
        destroyed: false,
        errorEmitted: false,
        bytesRead: 70,
        _bytesDispatched: 0,
        _pendingData: null,
        _pendingEncoding: '',
        server: [Object],
        _idleTimeout: 120000,
        _idleNext: [Object],
        _idlePrev: [Object],
        _idleStart: 1429584108177,
        parser: [Object],
        ondata: [Function],
        _paused: false,
        _httpMessage: [Circular] },
     connection: 
      { _connecting: false,
        _handle: [Object],
        _readableState: [Object],
        readable: true,
        domain: null,
        _events: [Object],
        _maxListeners: 10,
        _writableState: [Object],
        writable: true,
        allowHalfOpen: true,
        onend: [Function],
        destroyed: false,
        errorEmitted: false,
        bytesRead: 70,
        _bytesDispatched: 0,
        _pendingData: null,
        _pendingEncoding: '',
        server: [Object],
        _idleTimeout: 120000,
        _idleNext: [Object],
        _idlePrev: [Object],
        _idleStart: 1429584108177,
        parser: [Object],
        ondata: [Function],
        _paused: false,
        _httpMessage: [Circular] },
     _headers: { 'x-powered-by': 'Express' },
     _headerNames: { 'x-powered-by': 'X-Powered-By' },
     req: [Circular],
     locals: { partial: [Function] },
     partial: [Function],
     render: [Function],
     writeHead: [Function: writeHead],
     end: [Function: end] },
  next: [Function: next],
  body: {},
  secret: 'shh',
  cookies: {},
  signedCookies: {},
  _parsedOriginalUrl: 
   { protocol: null,
     slashes: null,
     auth: null,
     host: null,
     port: null,
     hostname: null,
     hash: null,
     search: null,
     query: null,
     pathname: '/logout',
     path: '/logout',
     href: '/logout',
     _raw: '/logout' },
  sessionStore: 
   { sessions: {},
     generate: [Function],
     _events: { disconnect: [Function], connect: [Function] } },
  sessionID: undefined }
 [32m0[0m
 [31m1[0m
 [36m0[0m

[4A[5C[38;5;154m-[0m[38;5;154m_[0m
[5C[38;5;154m-[0m[38;5;154m_[0m
[5C[38;5;154m-[0m[38;5;154m_[0m
[5C[38;5;154m-[0m[38;5;154m_[0m
[4A[7C_,------,
[7C_|  /\_/\ 
[7C~|_( x .x) 
[7C ""  "" 
[4A




[92m [0m[32m 0 passing[0m[90m (2s)[0m

